User ID: 12345
Filename: document.txt
Price: 99.99
Flag: true
