Initial color ordinal:  3
Initial color value:  3
After first Dec():  2
After second Dec():  1
After third Dec():  0
Status initial:  10
After Dec (Error to Warning):  5
After Dec (Warning to Ok):  0
