Min(5, 10) =  5
Min(10, 5) =  5
Min(-5, -10) =  -10
Min(-5, 10) =  -5
Min(7, 7) =  7
Min(0, 5) =  0
Max(5, 10) =  10
Max(10, 5) =  10
Max(-5, -10) =  -5
Max(-5, 10) =  10
Max(7, 7) =  7
Max(0, -5) =  0
Min(3.14, 2.71) =  2.71
Min(2.71, 3.14) =  2.71
Min(-1.5, -2.5) =  -2.5
Min(1.5, 1.5) =  1.5
Max(3.14, 2.71) =  3.14
Max(2.71, 3.14) =  3.14
Max(-1.5, -2.5) =  -1.5
Max(1.5, 1.5) =  1.5
Min(5, 3.14) =  3.14
Min(3.14, 5) =  3.14
Max(5, 3.14) =  5
Max(3.14, 5) =  5
Min(100, 50) + Max(10, 20) =  70
