Sqr(5) =  25
Sqr(0) =  0
Sqr(1) =  1
Sqr(-3) =  9
Sqr(10) =  100
Sqr(3.0) =  9
Sqr(2.5) =  6.25
Sqr(-1.5) =  2.25
Sqr(0.5) =  0.25
Power(2, 8) =  256
Power(2.0, 0.5) =  1.4142135623730951
Power(2, -1) =  0.5
Power(10, 3) =  1000
Power(5, 0) =  1
Power(3.0, 2.0) =  9
Power(4, 0.5) =  2
Power(0, 0) =  1
Power(0, 5) =  0
Power(1, 100) =  1
Square with side 5 has area:  25
3 cubed =  27
Sqr(7) =  49
Power(7, 2) =  49
