Array elements:
numbers[0] = 10
numbers[1] = 20
numbers[2] = 30
numbers[3] = 40
numbers[4] = 50
Sum = 150

String array:
Alice
Bob
Charlie
