2D Array Test:
==============
Matrix contents:
1 2 3 4
5 6 7 8
9 10 11 12

Row sums:
Row 0: 10
Row 1: 26
Row 2: 42

3D Array Test:
==============
cube[0][0][0] = 100
cube[1][2][3] = 999
cube[0][1][2] = 55
cube[0][0][1] = 0 (should be 0)
cube[1][1][1] = 0 (should be 0)
