TBoard created
Names count: 3
First name: Alice
Grid[5]: 25
