Initial values:
X = 10
Y = 20
After setting new values:
X = 30
Y = 40
